
✅ /home/runner/work/WesiOS/WesiOS/test/team_skills_workload_test.dart: explicit skill can qualify employee for a matching task
✅ /home/runner/work/WesiOS/WesiOS/test/team_skills_workload_test.dart: unrelated skills do not create false role fit
✅ /home/runner/work/WesiOS/WesiOS/test/team_skills_workload_test.dart: workload becomes overloaded above personal capacity
✅ /home/runner/work/WesiOS/WesiOS/test/team_skills_workload_test.dart: low task pressure is marked as underload
✅ /home/runner/work/WesiOS/WesiOS/test/team_skills_workload_test.dart: manager and CEO routing follows employee settings
✅ /home/runner/work/WesiOS/WesiOS/test/wesi_ai_task_engine_test.dart: catalog is broad enough to cover multiple business areas
✅ /home/runner/work/WesiOS/WesiOS/test/wesi_ai_task_engine_test.dart: long beat gap becomes high priority but keeps low forecast impact
✅ /home/runner/work/WesiOS/WesiOS/test/wesi_ai_task_engine_test.dart: sole beatmaker is not pushed into daily beat production
✅ /home/runner/work/WesiOS/WesiOS/test/wesi_ai_task_engine_test.dart: completed beat can trigger designer preview chain
✅ /home/runner/work/WesiOS/WesiOS/test/wesi_ai_task_engine_test.dart: zero income creates high-impact sales action
✅ /home/runner/work/WesiOS/WesiOS/test/wesi_ai_task_engine_test.dart: least loaded suitable employee is preferred
✅ /home/runner/work/WesiOS/WesiOS/test/wesi_ai_task_engine_test.dart: heavily overdue employee is not selected just to raise activity
✅ /home/runner/work/WesiOS/WesiOS/test/wesi_ai_task_engine_test.dart: open equivalent task suppresses duplicate suggestion
✅ /home/runner/work/WesiOS/WesiOS/test/wesi_ai_task_engine_test.dart: no permission to assign others never proposes another employee
✅ /home/runner/work/WesiOS/WesiOS/test/wesi_ai_adaptive_learning_test.dart: learns recurring organization cadence without becoming too aggressive
✅ /home/runner/work/WesiOS/WesiOS/test/wesi_ai_adaptive_learning_test.dart: repeated rejection suppresses routine suggestion noise
✅ /home/runner/work/WesiOS/WesiOS/test/wesi_ai_adaptive_learning_test.dart: accepted priority correction influences future proposals
✅ /home/runner/work/WesiOS/WesiOS/test/wesi_ai_adaptive_learning_test.dart: historical work can qualify an employee even with a generic title
✅ /home/runner/work/WesiOS/WesiOS/test/wesi_ai_adaptive_learning_test.dart: accepted assignee preference breaks an otherwise equal tie
✅ /home/runner/work/WesiOS/WesiOS/test/wesi_ai_adaptive_learning_test.dart: fatigue signal protects a heavily loaded producer from heavy new work
✅ /home/runner/work/WesiOS/WesiOS/test/wesi_ai_adaptive_learning_test.dart: underutilized employee is preferred over a busier equal-role colleague
✅ /home/runner/work/WesiOS/WesiOS/test/wesi_ai_strategy_planner_test.dart: detects downstream bottleneck after production output
✅ /home/runner/work/WesiOS/WesiOS/test/wesi_ai_strategy_planner_test.dart: bottleneck task receives stronger strategic score
✅ /home/runner/work/WesiOS/WesiOS/test/wesi_ai_strategy_planner_test.dart: financial pressure favors sales over more production when stock exists
✅ /home/runner/work/WesiOS/WesiOS/test/wesi_ai_strategy_planner_test.dart: existing category backlog suppresses adding more work to same queue
✅ /home/runner/work/WesiOS/WesiOS/test/wesi_ai_strategy_planner_test.dart: recent repeated work reduces burst recommendations

🎉 26 tests passed.
