=== failure-pattern context ===
109-✅ /home/runner/work/WesiOS/WesiOS/test/task_assignment_test.dart: право ставить задачи другим по умолчанию сотруднику не открыто
110-✅ /home/runner/work/WesiOS/WesiOS/test/task_assignment_test.dart: право ставить задачи другим у владельца открыто
111-✅ /home/runner/work/WesiOS/WesiOS/test/task_assignment_test.dart: право ставить задачи другим старая карточка без этого поля читается, а не падает
112-✅ /home/runner/work/WesiOS/WesiOS/test/task_assignment_test.dart: право ставить задачи другим переживает круг через JSON
113-✅ /home/runner/work/WesiOS/WesiOS/test/task_assignment_test.dart: назначение исполнителя без права исполнитель принудительно становится собой
114-✅ /home/runner/work/WesiOS/WesiOS/test/task_assignment_test.dart: назначение исполнителя с правом исполнитель остаётся тем, кого выбрали
115-✅ /home/runner/work/WesiOS/WesiOS/test/task_assignment_test.dart: назначение исполнителя сервис переписывает исполнителя, а не только диалог
116-::group::✅ /home/runner/work/WesiOS/WesiOS/test/task_assignment_test.dart: назначение исполнителя без входа локальный владелец не даёт административных прав
117:WesiOS secure session delete failed: Binding has not yet been initialized.
118-The "instance" getter on the ServicesBinding binding mixin is only available once that binding has been initialized.
119-Typically, this is done by calling "WidgetsFlutterBinding.ensureInitialized()" or "runApp()" (the latter calls the former). Typically this call is done in the "void main()" method. The "ensureInitialized" method is idempotent; calling it multiple times is not harmful. After calling that method, the "instance" getter will return the binding.
120-In a test, one can call "TestWidgetsFlutterBinding.ensureInitialized()" as the first line in the test's "main()" method to initialize the binding.
121-If ServicesBinding is a custom binding mixin, there must also be a custom binding class, like WidgetsFlutterBinding, but that mixes in the selected binding, and that is the class that must be constructed before using the "instance" getter.
122-::endgroup::
123-✅ /home/runner/work/WesiOS/WesiOS/test/task_assignment_test.dart: назначение исполнителя имя исполнителя берётся из состава
124-✅ /home/runner/work/WesiOS/WesiOS/test/task_assignment_test.dart: назначение исполнителя старая задача с именем строкой продолжает читаться
125-✅ /home/runner/work/WesiOS/WesiOS/test/task_assignment_test.dart: назначение исполнителя себя показываем первым в списке
126-✅ /home/runner/work/WesiOS/WesiOS/test/task_assignment_test.dart: назначение исполнителя снять исполнителя действительно можно
127-✅ /home/runner/work/WesiOS/WesiOS/test/task_assignment_test.dart: снимок сотрудника едет на сервер вместе с карточкой
128-✅ /home/runner/work/WesiOS/WesiOS/test/task_assignment_test.dart: снимок сотрудника карточка без снимка не ломает разбор
129-✅ /home/runner/work/WesiOS/WesiOS/test/task_assignment_test.dart: снимок сотрудника испорченный снимок не роняет всю карточку
130-✅ /home/runner/work/WesiOS/WesiOS/test/task_assignment_test.dart: снимок сотрудника снимок можно убрать, а не только заменить
131-✅ /home/runner/work/WesiOS/WesiOS/test/shield_test.dart: PBKDF2 — соответствие RFC 6070 P="password", S="salt", c=1
132-✅ /home/runner/work/WesiOS/WesiOS/test/shield_test.dart: PBKDF2 — соответствие RFC 6070 P="password", S="salt", c=2
133-✅ /home/runner/work/WesiOS/WesiOS/test/shield_test.dart: PBKDF2 — соответствие RFC 6070 P="password", S="salt", c=4096
134-✅ /home/runner/work/WesiOS/WesiOS/test/shield_test.dart: derive разная соль даёт разный ключ при одном пароле — иначе одинаковые пароли двух пользователей имели бы одинаковый хэш
135-✅ /home/runner/work/WesiOS/WesiOS/test/shield_test.dart: derive одинаковый вход даёт одинаковый выход
136-✅ /home/runner/work/WesiOS/WesiOS/test/shield_test.dart: derive число итераций входит в результат — иначе понизить стойкость можно было бы, просто подменив счётчик в хранилище
137-✅ /home/runner/work/WesiOS/WesiOS/test/shield_test.dart: derive ключ имеет полную длину SHA-256
138-✅ /home/runner/work/WesiOS/WesiOS/test/shield_test.dart: passwordStrength слишком короткий пароль — ноль
139-✅ /home/runner/work/WesiOS/WesiOS/test/shield_test.dart: passwordStrength длина и разнообразие символов повышают оценку
140-✅ /home/runner/work/WesiOS/WesiOS/test/shield_test.dart: passwordStrength оценка не выходит за 0..4
141-✅ /home/runner/work/WesiOS/WesiOS/test/shield_test.dart: перенос старого замка на ключах старый пароль продолжает подходить после обновления
--
143-✅ /home/runner/work/WesiOS/WesiOS/test/horizon_main_source_stress_test.dart: main-source stress can hit a dominant CRM/business source
144-✅ /home/runner/work/WesiOS/WesiOS/test/horizon_main_source_stress_test.dart: main-source stress can hit dominant recurring income
145-✅ /home/runner/work/WesiOS/WesiOS/test/shield_test.dart: перенос старого замка на ключах после успешного входа слабый SHA-256 заменяется на PBKDF2
146-✅ /home/runner/work/WesiOS/WesiOS/test/calendar_clock_surface_test.dart: completed Calendar is the only legacy calendar entry point
147-✅ /home/runner/work/WesiOS/WesiOS/test/calendar_clock_surface_test.dart: home clock opens the four-tool Time Center
148-✅ /home/runner/work/WesiOS/WesiOS/test/calendar_clock_surface_test.dart: persistent schedules are restored and Android can schedule exact alarms
149-✅ /home/runner/work/WesiOS/WesiOS/test/shield_test.dart: перенос старого замка на ключах включённая биометрия переносится вместе с паролем
150-✅ /home/runner/work/WesiOS/WesiOS/test/shield_test.dart: перенос старого замка на ключах без старого пароля и без нового защита не считается настроенной
151:✅ /home/runner/work/WesiOS/WesiOS/test/portal_account_service_test.dart: PortalAccountService.messageForResponse translates generic PocketBase failure
152-✅ /home/runner/work/WesiOS/WesiOS/test/portal_account_service_test.dart: PortalAccountService.messageForResponse explains missing production hook
153-✅ /home/runner/work/WesiOS/WesiOS/test/portal_account_service_test.dart: PortalAccountService.messageForResponse keeps useful Russian server message
154-✅ /home/runner/work/WesiOS/WesiOS/test/portal_account_service_test.dart: PortalAccountService.messageForResponse reads field validation message
155-✅ /home/runner/work/WesiOS/WesiOS/test/portal_account_service_test.dart: PortalAccountService.messageForResponse does not expose PocketBase authorization internals
156-✅ /home/runner/work/WesiOS/WesiOS/test/organization_tz_contract_test.dart: organization hierarchy v1 TZ keeps all core invariants
157-✅ /home/runner/work/WesiOS/WesiOS/test/mobile_ux_01918_test.dart: home keeps WesiOS name and exact balance
158-✅ /home/runner/work/WesiOS/WesiOS/test/mobile_ux_01918_test.dart: more tab marks calendar ready and respects system inset
159-✅ /home/runner/work/WesiOS/WesiOS/test/mobile_ux_01918_test.dart: transaction editor has both date and time picker
160-✅ /home/runner/work/WesiOS/WesiOS/test/mobile_ux_01918_test.dart: operations have date sections and visible operation time
161-✅ /home/runner/work/WesiOS/WesiOS/test/mobile_ux_01918_test.dart: theme applies launcher icon and light alias is distinct
162-✅ /home/runner/work/WesiOS/WesiOS/test/mobile_ux_01918_test.dart: roadmap exposes zoom and team picker
163-✅ /home/runner/work/WesiOS/WesiOS/test/mobile_ux_01918_test.dart: short forecast no longer forces 30 days of history
164-✅ /home/runner/work/WesiOS/WesiOS/test/mobile_ux_01918_test.dart: recurring what-if survives preset JSON roundtrip
165-✅ /home/runner/work/WesiOS/WesiOS/test/mobile_ux_01918_test.dart: stopwatch source no longer formats hundredths
166-::group::✅ /home/runner/work/WesiOS/WesiOS/test/sync_endpoint_secure_storage_test.dart: WesiOS auth token and session id are never persisted in Hive
167:WesiOS secure session delete failed: Binding has not yet been initialized.
168-The "instance" getter on the ServicesBinding binding mixin is only available once that binding has been initialized.
169-Typically, this is done by calling "WidgetsFlutterBinding.ensureInitialized()" or "runApp()" (the latter calls the former). Typically this call is done in the "void main()" method. The "ensureInitialized" method is idempotent; calling it multiple times is not harmful. After calling that method, the "instance" getter will return the binding.
170-In a test, one can call "TestWidgetsFlutterBinding.ensureInitialized()" as the first line in the test's "main()" method to initialize the binding.
171-If ServicesBinding is a custom binding mixin, there must also be a custom binding class, like WidgetsFlutterBinding, but that mixes in the selected binding, and that is the class that must be constructed before using the "instance" getter.
172:WesiOS secure session write failed: Binding has not yet been initialized.
173-The "instance" getter on the ServicesBinding binding mixin is only available once that binding has been initialized.
174-Typically, this is done by calling "WidgetsFlutterBinding.ensureInitialized()" or "runApp()" (the latter calls the former). Typically this call is done in the "void main()" method. The "ensureInitialized" method is idempotent; calling it multiple times is not harmful. After calling that method, the "instance" getter will return the binding.
175-In a test, one can call "TestWidgetsFlutterBinding.ensureInitialized()" as the first line in the test's "main()" method to initialize the binding.
176-If ServicesBinding is a custom binding mixin, there must also be a custom binding class, like WidgetsFlutterBinding, but that mixes in the selected binding, and that is the class that must be constructed before using the "instance" getter.
177-::endgroup::
178-::group::✅ /home/runner/work/WesiOS/WesiOS/test/sync_endpoint_secure_storage_test.dart: (tearDownAll)
179:WesiOS secure session delete failed: Binding has not yet been initialized.
180-The "instance" getter on the ServicesBinding binding mixin is only available once that binding has been initialized.
181-Typically, this is done by calling "WidgetsFlutterBinding.ensureInitialized()" or "runApp()" (the latter calls the former). Typically this call is done in the "void main()" method. The "ensureInitialized" method is idempotent; calling it multiple times is not harmful. After calling that method, the "instance" getter will return the binding.
182-In a test, one can call "TestWidgetsFlutterBinding.ensureInitialized()" as the first line in the test's "main()" method to initialize the binding.
183-If ServicesBinding is a custom binding mixin, there must also be a custom binding class, like WidgetsFlutterBinding, but that mixes in the selected binding, and that is the class that must be constructed before using the "instance" getter.
184-::endgroup::
185-✅ /home/runner/work/WesiOS/WesiOS/test/calendar_sync_surface_test.dart: own Calendar events participate in WesiOS device sync
186-✅ /home/runner/work/WesiOS/WesiOS/test/calendar_sync_surface_test.dart: device-local Time Center state is not added to SyncCodec
187-✅ /home/runner/work/WesiOS/WesiOS/test/topic_manual_split_test.dart: без ручного разделения заголовков нет
188-✅ /home/runner/work/WesiOS/WesiOS/test/topic_manual_split_test.dart: после разделения заголовок появляется ровно там, где разделили
189-✅ /home/runner/work/WesiOS/WesiOS/test/topic_manual_split_test.dart: у ручного блока осмысленное название, а не заглушка
190-✅ /home/runner/work/WesiOS/WesiOS/test/topic_manual_split_test.dart: про разделённое место больше не спрашивают
191-✅ /home/runner/work/WesiOS/WesiOS/test/topic_manual_split_test.dart: служебные строки не сдвигают заголовок
192-✅ /home/runner/work/WesiOS/WesiOS/test/topic_manual_split_test.dart: два разделения дают два заголовка
193-✅ /home/runner/work/WesiOS/WesiOS/test/topic_manual_split_test.dart: короткая переписка тоже делится вручную
194-✅ /home/runner/work/WesiOS/WesiOS/test/time_center_models_test.dart: TimeAlarm one-shot alarm returns only its future occurrence
195-✅ /home/runner/work/WesiOS/WesiOS/test/time_center_models_test.dart: TimeAlarm weekday alarm keeps selected weekdays and clock time
196-✅ /home/runner/work/WesiOS/WesiOS/test/time_center_models_test.dart: TimeReminder monthly repeat clamps 31st into short month
197-✅ /home/runner/work/WesiOS/WesiOS/test/time_center_models_test.dart: persistent timer remaining time is calculated from absolute target
198-✅ /home/runner/work/WesiOS/WesiOS/test/time_center_models_test.dart: persistent stopwatch elapsed time includes time passed since start timestamp
199-✅ /home/runner/work/WesiOS/WesiOS/test/time_center_models_test.dart: persistent stopwatch json roundtrip preserves laps and running state
200-✅ /home/runner/work/WesiOS/WesiOS/test/home_header_test.dart: месяц рядом с часами показывает все дни текущего месяца
201-✅ /home/runner/work/WesiOS/WesiOS/test/home_header_test.dart: месяц рядом с часами сегодняшнее число подсвечено
202-✅ /home/runner/work/WesiOS/WesiOS/test/home_header_test.dart: месяц рядом с часами умещается в узкую колонку шапки
203-✅ /home/runner/work/WesiOS/WesiOS/test/home_header_test.dart: цитата перекрашивается сразу при смене темы
--
330-✅ /home/runner/work/WesiOS/WesiOS/test/topic_ai_test.dart: граница приватности в рабочем чате владелец назван всегда
331-✅ /home/runner/work/WesiOS/WesiOS/test/topic_ai_test.dart: поведение при отказе модели молчание модели откатывает к местной разметке
332-✅ /home/runner/work/WesiOS/WesiOS/test/topic_ai_test.dart: поведение при отказе модели без ключа судья честно недоступен
333-✅ /home/runner/work/WesiOS/WesiOS/test/topic_ai_test.dart: поведение при отказе модели «одна тема» от модели убирает вопрос
334-✅ /home/runner/work/WesiOS/WesiOS/test/topic_ai_test.dart: поведение при отказе модели уверенная модель режет без вопроса
335-✅ /home/runner/work/WesiOS/WesiOS/test/topic_ai_test.dart: поведение при отказе модели неуверенная модель даёт вопрос с человеческим названием
336-✅ /home/runner/work/WesiOS/WesiOS/test/topic_ai_test.dart: текст вопроса без названия спрашивают проще, а не про пустоту
337-::group::✅ /home/runner/work/WesiOS/WesiOS/test/team_service_test.dart: кто вошёл и что ему открыто выход возвращает в состояние без привилегий
338:WesiOS secure session delete failed: Binding has not yet been initialized.
339-The "instance" getter on the ServicesBinding binding mixin is only available once that binding has been initialized.
340-Typically, this is done by calling "WidgetsFlutterBinding.ensureInitialized()" or "runApp()" (the latter calls the former). Typically this call is done in the "void main()" method. The "ensureInitialized" method is idempotent; calling it multiple times is not harmful. After calling that method, the "instance" getter will return the binding.
341-In a test, one can call "TestWidgetsFlutterBinding.ensureInitialized()" as the first line in the test's "main()" method to initialize the binding.
342-If ServicesBinding is a custom binding mixin, there must also be a custom binding class, like WidgetsFlutterBinding, but that mixes in the selected binding, and that is the class that must be constructed before using the "instance" getter.
343-::endgroup::
344-✅ /home/runner/work/WesiOS/WesiOS/test/team_service_test.dart: кто вошёл и что ему открыто правка прав действует на текущего сразу
345-✅ /home/runner/work/WesiOS/WesiOS/test/team_service_test.dart: список состава владелец идёт первым
346-✅ /home/runner/work/WesiOS/WesiOS/test/horizon_balance_truth_test.dart: historical reconstruction ignores transactions scheduled after current balance date
347-✅ /home/runner/work/WesiOS/WesiOS/test/horizon_balance_truth_test.dart: current account summary source excludes future-dated operations
348-✅ /home/runner/work/WesiOS/WesiOS/test/team_service_test.dart: список состава остальные по алфавиту
349-✅ /home/runner/work/WesiOS/WesiOS/test/team_service_test.dart: список состава владелец заводится один раз
350-✅ /home/runner/work/WesiOS/WesiOS/test/team_service_test.dart: карточка сотрудника имя для показа падает на ник, потом на логин
351-✅ /home/runner/work/WesiOS/WesiOS/test/team_service_test.dart: карточка сотрудника в открытую карточку не попадают заметки и хеш
352-✅ /home/runner/work/WesiOS/WesiOS/test/team_service_test.dart: карточка сотрудника почта сохраняется в карточке
353-✅ /home/runner/work/WesiOS/WesiOS/test/employee_finance_dynamics_test.dart: self comparison uses the immediately previous equal-length period
354-✅ /home/runner/work/WesiOS/WesiOS/test/employee_finance_dynamics_test.dart: self risks include overdue responsible CRM deal and anomalous expense
355-✅ /home/runner/work/WesiOS/WesiOS/test/employee_finance_dynamics_test.dart: CRM service never silently reattributes explicit custom or empty responsibility
356-✅ /home/runner/work/WesiOS/WesiOS/test/haptics_test.dart: возможности устройства точный отклик распознаётся
357-✅ /home/runner/work/WesiOS/WesiOS/test/haptics_test.dart: возможности устройства простой мотор не выдаётся за точный
358-✅ /home/runner/work/WesiOS/WesiOS/test/haptics_test.dart: возможности устройства спрашиваем один раз, а не на каждое нажатие
359-✅ /home/runner/work/WesiOS/WesiOS/test/haptics_test.dart: возможности устройства нет канала — значит нет точного отклика
360-✅ /home/runner/work/WesiOS/WesiOS/test/haptics_test.dart: проигрывание событие уходит своим именем
361-✅ /home/runner/work/WesiOS/WesiOS/test/haptics_test.dart: проигрывание отказ платформы — это false, а не исключение
362-✅ /home/runner/work/WesiOS/WesiOS/test/haptics_test.dart: проигрывание нативная сторона не взялась — тоже false
--
451-✅ /home/runner/work/WesiOS/WesiOS/test/sync_engine_test.dart: движок применённая чужая запись не уезжает обратно на следующем проходе
452-✅ /home/runner/work/WesiOS/WesiOS/test/sync_engine_test.dart: движок более свежая местная правка побеждает серверную
453-✅ /home/runner/work/WesiOS/WesiOS/test/sync_engine_test.dart: движок более свежая серверная правка побеждает местную
454-✅ /home/runner/work/WesiOS/WesiOS/test/sync_engine_test.dart: движок удаление на другом устройстве стирает запись здесь
455-✅ /home/runner/work/WesiOS/WesiOS/test/sync_engine_test.dart: движок удаление здесь уезжает надгробием, а не исчезновением
456-✅ /home/runner/work/WesiOS/WesiOS/test/sync_engine_test.dart: движок обрыв связи не портит местные данные
457-✅ /home/runner/work/WesiOS/WesiOS/test/sync_engine_test.dart: движок отказ одной коллекции не выдаётся за общий успех
458-::group::✅ /home/runner/work/WesiOS/WesiOS/test/sync_engine_test.dart: движок протухший пропуск выбрасывается, а не остаётся выглядеть рабочим
459:WesiOS secure session write failed: Binding has not yet been initialized.
460-The "instance" getter on the ServicesBinding binding mixin is only available once that binding has been initialized.
461-Typically, this is done by calling "WidgetsFlutterBinding.ensureInitialized()" or "runApp()" (the latter calls the former). Typically this call is done in the "void main()" method. The "ensureInitialized" method is idempotent; calling it multiple times is not harmful. After calling that method, the "instance" getter will return the binding.
462-In a test, one can call "TestWidgetsFlutterBinding.ensureInitialized()" as the first line in the test's "main()" method to initialize the binding.
463-If ServicesBinding is a custom binding mixin, there must also be a custom binding class, like WidgetsFlutterBinding, but that mixes in the selected binding, and that is the class that must be constructed before using the "instance" getter.
464:WesiOS secure session delete failed: Binding has not yet been initialized.
465-The "instance" getter on the ServicesBinding binding mixin is only available once that binding has been initialized.
466-Typically, this is done by calling "WidgetsFlutterBinding.ensureInitialized()" or "runApp()" (the latter calls the former). Typically this call is done in the "void main()" method. The "ensureInitialized" method is idempotent; calling it multiple times is not harmful. After calling that method, the "instance" getter will return the binding.
467-In a test, one can call "TestWidgetsFlutterBinding.ensureInitialized()" as the first line in the test's "main()" method to initialize the binding.
468-If ServicesBinding is a custom binding mixin, there must also be a custom binding class, like WidgetsFlutterBinding, but that mixes in the selected binding, and that is the class that must be constructed before using the "instance" getter.
469-::endgroup::
470-✅ /home/runner/work/WesiOS/WesiOS/test/sync_engine_test.dart: движок автоматический проход не идёт, пока его не включили
471-✅ /home/runner/work/WesiOS/WesiOS/test/sync_engine_test.dart: движок свежая установка не затирает сервер своими заготовками
472-✅ /home/runner/work/WesiOS/WesiOS/test/sync_engine_test.dart: движок в первый обмен уезжает то, чего на сервере нет
473-✅ /home/runner/work/WesiOS/WesiOS/test/sync_engine_test.dart: движок правило первого обмена действует ровно один раз
474-✅ /home/runner/work/WesiOS/WesiOS/test/sync_engine_test.dart: движок удачный проход отмечается временем
475-✅ /home/runner/work/WesiOS/WesiOS/test/sync_engine_test.dart: движок два устройства сходятся к одному состоянию
476-✅ /home/runner/work/WesiOS/WesiOS/test/sync_engine_test.dart: движок запись из будущей версии не помечается как усвоенная
477-✅ /home/runner/work/WesiOS/WesiOS/test/sync_engine_test.dart: адрес сервера зашит в сборку и всегда по https
478-✅ /home/runner/work/WesiOS/WesiOS/test/sync_engine_test.dart: адрес сервера сохранённый адрес из старой установки ничего не решает
479-::group::✅ /home/runner/work/WesiOS/WesiOS/test/sync_engine_test.dart: подключение без пропуска — не подключены
480:WesiOS secure session delete failed: Binding has not yet been initialized.
481-The "instance" getter on the ServicesBinding binding mixin is only available once that binding has been initialized.
482-Typically, this is done by calling "WidgetsFlutterBinding.ensureInitialized()" or "runApp()" (the latter calls the former). Typically this call is done in the "void main()" method. The "ensureInitialized" method is idempotent; calling it multiple times is not harmful. After calling that method, the "instance" getter will return the binding.
483-In a test, one can call "TestWidgetsFlutterBinding.ensureInitialized()" as the first line in the test's "main()" method to initialize the binding.
484-If ServicesBinding is a custom binding mixin, there must also be a custom binding class, like WidgetsFlutterBinding, but that mixes in the selected binding, and that is the class that must be constructed before using the "instance" getter.
485-::endgroup::
486-::group::✅ /home/runner/work/WesiOS/WesiOS/test/sync_engine_test.dart: подключение действующий пропуск — подключены
487:WesiOS secure session write failed: Binding has not yet been initialized.
488-The "instance" getter on the ServicesBinding binding mixin is only available once that binding has been initialized.
489-Typically, this is done by calling "WidgetsFlutterBinding.ensureInitialized()" or "runApp()" (the latter calls the former). Typically this call is done in the "void main()" method. The "ensureInitialized" method is idempotent; calling it multiple times is not harmful. After calling that method, the "instance" getter will return the binding.
490-In a test, one can call "TestWidgetsFlutterBinding.ensureInitialized()" as the first line in the test's "main()" method to initialize the binding.
491-If ServicesBinding is a custom binding mixin, there must also be a custom binding class, like WidgetsFlutterBinding, but that mixes in the selected binding, and that is the class that must be constructed before using the "instance" getter.
492:WesiOS secure session delete failed: Binding has not yet been initialized.
493-The "instance" getter on the ServicesBinding binding mixin is only available once that binding has been initialized.
494-Typically, this is done by calling "WidgetsFlutterBinding.ensureInitialized()" or "runApp()" (the latter calls the former). Typically this call is done in the "void main()" method. The "ensureInitialized" method is idempotent; calling it multiple times is not harmful. After calling that method, the "instance" getter will return the binding.
495-In a test, one can call "TestWidgetsFlutterBinding.ensureInitialized()" as the first line in the test's "main()" method to initialize the binding.
496-If ServicesBinding is a custom binding mixin, there must also be a custom binding class, like WidgetsFlutterBinding, but that mixes in the selected binding, and that is the class that must be constructed before using the "instance" getter.
497-::endgroup::
498-::group::✅ /home/runner/work/WesiOS/WesiOS/test/sync_engine_test.dart: подключение протухший пропуск не считается подключением
499:WesiOS secure session write failed: Binding has not yet been initialized.
500-The "instance" getter on the ServicesBinding binding mixin is only available once that binding has been initialized.
501-Typically, this is done by calling "WidgetsFlutterBinding.ensureInitialized()" or "runApp()" (the latter calls the former). Typically this call is done in the "void main()" method. The "ensureInitialized" method is idempotent; calling it multiple times is not harmful. After calling that method, the "instance" getter will return the binding.
502-In a test, one can call "TestWidgetsFlutterBinding.ensureInitialized()" as the first line in the test's "main()" method to initialize the binding.
503-If ServicesBinding is a custom binding mixin, there must also be a custom binding class, like WidgetsFlutterBinding, but that mixes in the selected binding, and that is the class that must be constructed before using the "instance" getter.
504:WesiOS secure session delete failed: Binding has not yet been initialized.
505-The "instance" getter on the ServicesBinding binding mixin is only available once that binding has been initialized.
506-Typically, this is done by calling "WidgetsFlutterBinding.ensureInitialized()" or "runApp()" (the latter calls the former). Typically this call is done in the "void main()" method. The "ensureInitialized" method is idempotent; calling it multiple times is not harmful. After calling that method, the "instance" getter will return the binding.
507-In a test, one can call "TestWidgetsFlutterBinding.ensureInitialized()" as the first line in the test's "main()" method to initialize the binding.
508-If ServicesBinding is a custom binding mixin, there must also be a custom binding class, like WidgetsFlutterBinding, but that mixes in the selected binding, and that is the class that must be constructed before using the "instance" getter.
509-::endgroup::
510-✅ /home/runner/work/WesiOS/WesiOS/test/github_auth_test.dart: client_id без правки в настройках берётся зашитый
511-✅ /home/runner/work/WesiOS/WesiOS/test/github_auth_test.dart: client_id зашитое значение похоже на настоящий id GitHub
512-✅ /home/runner/work/WesiOS/WesiOS/test/github_auth_test.dart: client_id значение из настроек перекрывает зашитое
513-✅ /home/runner/work/WesiOS/WesiOS/test/github_auth_test.dart: client_id пробелы по краям обрезаются — вставка из буфера часто тащит их
514-✅ /home/runner/work/WesiOS/WesiOS/test/github_auth_test.dart: client_id пустое значение возвращает к зашитому, а не отключает вход
515-✅ /home/runner/work/WesiOS/WesiOS/test/github_auth_test.dart: состояние входа без токена вход не выполнен и заголовков нет
516-✅ /home/runner/work/WesiOS/WesiOS/test/github_auth_test.dart: состояние входа с токеном появляется заголовок авторизации
517-✅ /home/runner/work/WesiOS/WesiOS/test/github_auth_test.dart: состояние входа пустой токен не считается входом
518-✅ /home/runner/work/WesiOS/WesiOS/test/github_auth_test.dart: состояние входа выход стирает токен, refresh, срок и имя аккаунта
519-✅ /home/runner/work/WesiOS/WesiOS/test/github_auth_test.dart: состояние входа client_id переживает выход — это не секрет и не часть сессии
520-✅ /home/runner/work/WesiOS/WesiOS/test/github_auth_test.dart: срок действия без срока токен считается бессрочным — так у OAuth-приложений
521-✅ /home/runner/work/WesiOS/WesiOS/test/github_auth_test.dart: срок действия живой токен отдаётся как есть
522-✅ /home/runner/work/WesiOS/WesiOS/test/github_auth_test.dart: срок действия просроченный токен без refresh не выдаётся
523-✅ /home/runner/work/WesiOS/WesiOS/test/github_auth_test.dart: срок действия токен, который истечёт через полминуты, уже считается негодным
524-✅ /home/runner/work/WesiOS/WesiOS/test/github_auth_test.dart: срок действия битая дата срока не роняет проверку
525-✅ /home/runner/work/WesiOS/WesiOS/test/contact_actions_test.dart: нормализация номера оставляет только цифры и ведущий плюс
526-✅ /home/runner/work/WesiOS/WesiOS/test/contact_actions_test.dart: нормализация номера пустое и мусор дают пустую строку
527-✅ /home/runner/work/WesiOS/WesiOS/test/contact_actions_test.dart: нормализация номера плюс не в начале не считается плюсом
528-✅ /home/runner/work/WesiOS/WesiOS/test/contact_actions_test.dart: ссылки на соцсети готовый адрес берётся как есть
--
605-✅ /home/runner/work/WesiOS/WesiOS/test/alert_service_test.dart: порядок срочное идёт первым независимо от порядка проверок
606-✅ /home/runner/work/WesiOS/WesiOS/test/alert_service_test.dart: порядок при равном уровне порядок стабилен между вызовами
607-✅ /home/runner/work/WesiOS/WesiOS/test/alert_service_test.dart: прочитанное до открытия всё непрочитано
608-✅ /home/runner/work/WesiOS/WesiOS/test/alert_service_test.dart: прочитанное открыли — и после пересчёта они остаются прочитанными
609-✅ /home/runner/work/WesiOS/WesiOS/test/alert_service_test.dart: прочитанное новый повод всплывает непрочитанным рядом с прочитанными
610-✅ /home/runner/work/WesiOS/WesiOS/test/alert_service_test.dart: прочитанное вернувшийся повод считается новым, а не «уже видели»
611-✅ /home/runner/work/WesiOS/WesiOS/test/team_session_test.dart: запомнить меня с галочкой вход переживает перезапуск
612-::group::✅ /home/runner/work/WesiOS/WesiOS/test/team_session_test.dart: запомнить меня без галочки вход не переживает перезапуск
613:WesiOS secure session delete failed: Binding has not yet been initialized.
614-The "instance" getter on the ServicesBinding binding mixin is only available once that binding has been initialized.
615-Typically, this is done by calling "WidgetsFlutterBinding.ensureInitialized()" or "runApp()" (the latter calls the former). Typically this call is done in the "void main()" method. The "ensureInitialized" method is idempotent; calling it multiple times is not harmful. After calling that method, the "instance" getter will return the binding.
616-In a test, one can call "TestWidgetsFlutterBinding.ensureInitialized()" as the first line in the test's "main()" method to initialize the binding.
617-If ServicesBinding is a custom binding mixin, there must also be a custom binding class, like WidgetsFlutterBinding, but that mixes in the selected binding, and that is the class that must be constructed before using the "instance" getter.
618-::endgroup::
619-✅ /home/runner/work/WesiOS/WesiOS/test/team_session_test.dart: запомнить меня по умолчанию запоминаем
620-✅ /home/runner/work/WesiOS/WesiOS/test/team_session_test.dart: смена логина логин меняется, старый возвращается в свободные
621-✅ /home/runner/work/WesiOS/WesiOS/test/audio_analysis_v2_service_test.dart: Quick Analysis v2 analyzes a real synthetic PCM WAV
622-✅ /home/runner/work/WesiOS/WesiOS/test/team_session_test.dart: смена логина вход работает под новым логином и не работает под старым
623-✅ /home/runner/work/WesiOS/WesiOS/test/team_session_test.dart: смена логина занятый чужим логин не отдаётся
624-✅ /home/runner/work/WesiOS/WesiOS/test/team_session_test.dart: смена логина слишком короткий логин не принимается
625-✅ /home/runner/work/WesiOS/WesiOS/test/team_session_test.dart: смена логина тот же логин — не ошибка и ничего не ломает
626-✅ /home/runner/work/WesiOS/WesiOS/test/team_session_test.dart: смена логина несуществующему человеку логин не меняется
627-✅ /home/runner/work/WesiOS/WesiOS/test/sysadmin_defaults_test.dart: инфраструктура Wesi по умолчанию новая установка знает российский сервер и портал
628-✅ /home/runner/work/WesiOS/WesiOS/test/sysadmin_defaults_test.dart: инфраструктура Wesi по умолчанию зарубежный Wesi AI не смешан с российским сервером
629-✅ /home/runner/work/WesiOS/WesiOS/test/sysadmin_defaults_test.dart: инфраструктура Wesi по умолчанию в предустановленных узлах нет секретов
630-✅ /home/runner/work/WesiOS/WesiOS/test/wesi_quotes_test.dart: WesiQuotes every quote has both languages filled in
631-✅ /home/runner/work/WesiOS/WesiOS/test/wesi_quotes_test.dart: WesiQuotes there are no duplicate quotes
632-✅ /home/runner/work/WesiOS/WesiOS/test/wesi_quotes_test.dart: WesiQuotes no near-duplicates either — two phrases differing only by ё/е, case or punctuation read as the same quote to a human, and the exact-match check above would let them both through
633-✅ /home/runner/work/WesiOS/WesiOS/test/wesi_quotes_test.dart: WesiQuotes the pool is large enough that a given quote is rare
634-✅ /home/runner/work/WesiOS/WesiOS/test/wesi_quotes_test.dart: WesiQuotes walks the entire pool before repeating — the stride must stay coprime with the list length, otherwise the rotation collapses onto a small subset no matter how many quotes exist
635-✅ /home/runner/work/WesiOS/WesiOS/test/wesi_quotes_test.dart: WesiQuotes stays stable within one slot — the screen must not reshuffle the quote on every rebuild
636-✅ /home/runner/work/WesiOS/WesiOS/test/wesi_quotes_test.dart: WesiQuotes changes between slots within the same day
637-✅ /home/runner/work/WesiOS/WesiOS/test/wesi_quotes_test.dart: WesiQuotes changes from one day to the next
--
738-✅ /home/runner/work/WesiOS/WesiOS/test/forecast_backtest_test.dart: оценка по коридору обещанные 80% и выше — хорошо
739-✅ /home/runner/work/WesiOS/WesiOS/test/forecast_backtest_test.dart: оценка по коридору перебор не порок: накрыть всё — тоже хорошо
740-✅ /home/runner/work/WesiOS/WesiOS/test/forecast_backtest_test.dart: оценка по коридору заметный недобор — средне
741-✅ /home/runner/work/WesiOS/WesiOS/test/forecast_backtest_test.dart: оценка по коридору коридор почти ничего не накрыл — плохо
742-✅ /home/runner/work/WesiOS/WesiOS/test/forecast_backtest_test.dart: оценка по коридору без данных оценки нет
743-✅ /home/runner/work/WesiOS/WesiOS/test/forecast_backtest_test.dart: движок умеет считать «на дату» asOf сдвигает точку отсчёта прогноза
744-✅ /home/runner/work/WesiOS/WesiOS/test/forecast_backtest_test.dart: движок умеет считать «на дату» без asOf поведение прежнее
745-✅ /home/runner/work/WesiOS/WesiOS/test/tasks_screen_layout_test.dart: board with a handful of tasks per column renders four columns side by side on a desktop-width window without overflowing
746:::group::❌ /home/runner/work/WesiOS/WesiOS/test/tasks_screen_layout_test.dart: board with a handful of tasks per column falls back to stacked columns on a phone-width window without overflowing — four columns side by side are unreadable there (failed)
747-══╡ EXCEPTION CAUGHT BY FLUTTER TEST FRAMEWORK ╞════════════════════════════════════════════════════
748:The following TestFailure was thrown running a test:
749:Expected: null
750:  Actual: FlutterError:<A RenderFlex overflowed by 55 pixels on the right.>
751-
752-When the exception was thrown, this was the stack:
753-#4      main.<anonymous closure>.<anonymous closure> (file:///home/runner/work/WesiOS/WesiOS/test/tasks_screen_layout_test.dart:96:7)
754-<asynchronous suspension>
755-#5      testWidgets.<anonymous closure>.<anonymous closure> (package:flutter_test/src/widget_tester.dart:189:15)
756-<asynchronous suspension>
757-#6      TestWidgetsFlutterBinding._runTestBody (package:flutter_test/src/binding.dart:1032:5)
758-<asynchronous suspension>
759-<asynchronous suspension>
760-(elided one frame from package:stack_trace)
761-
762-This was caught by the test expectation on the following line:
763-  file:///home/runner/work/WesiOS/WesiOS/test/tasks_screen_layout_test.dart line 96
764-The test description was:
765-  falls back to stacked columns on a phone-width window without overflowing — four columns side by
766-  side are unreadable there
767-════════════════════════════════════════════════════════════════════════════════════════════════════
768:Test failed. See exception logs above.
769-The test description was: falls back to stacked columns on a phone-width window without overflowing — four columns side by side are unreadable there
770-
771-::endgroup::
772-✅ /home/runner/work/WesiOS/WesiOS/test/tasks_screen_layout_test.dart: board with far more tasks than fit on screen a column scrolls internally instead of overflowing
773-✅ /home/runner/work/WesiOS/WesiOS/test/secret_vault_test.dart: закрытое хранилище без разблокировки не читается и не пишется
774-✅ /home/runner/work/WesiOS/WesiOS/test/secret_vault_test.dart: закрытое хранилище без пароля Shield причина — «пароль не задан»
775-✅ /home/runner/work/WesiOS/WesiOS/test/secret_vault_test.dart: закрытое хранилище после unlock причина исчезает
776:::group::❌ /home/runner/work/WesiOS/WesiOS/test/tasks_screen_layout_test.dart: board with far more tasks than fit on screen the stacked phone layout also survives it (failed)
777-══╡ EXCEPTION CAUGHT BY FLUTTER TEST FRAMEWORK ╞════════════════════════════════════════════════════
778:The following TestFailure was thrown running a test:
779:Expected: null
780:  Actual: FlutterError:<A RenderFlex overflowed by 55 pixels on the right.>
781-
782-When the exception was thrown, this was the stack:
783-#4      main.<anonymous closure>.<anonymous closure> (file:///home/runner/work/WesiOS/WesiOS/test/tasks_screen_layout_test.dart:111:7)
784-<asynchronous suspension>
785-#5      testWidgets.<anonymous closure>.<anonymous closure> (package:flutter_test/src/widget_tester.dart:189:15)
786-<asynchronous suspension>
787-#6      TestWidgetsFlutterBinding._runTestBody (package:flutter_test/src/binding.dart:1032:5)
788-<asynchronous suspension>
789-<asynchronous suspension>
790-(elided one frame from package:stack_trace)
791-
792-This was caught by the test expectation on the following line:
793-  file:///home/runner/work/WesiOS/WesiOS/test/tasks_screen_layout_test.dart line 111
794-The test description was:
795-  the stacked phone layout also survives it
796-════════════════════════════════════════════════════════════════════════════════════════════════════
797:Test failed. See exception logs above.
798-The test description was: the stacked phone layout also survives it
799-
800-::endgroup::
801-✅ /home/runner/work/WesiOS/WesiOS/test/secret_vault_test.dart: запись и чтение что записали, то и прочитали
802-✅ /home/runner/work/WesiOS/WesiOS/test/tasks_screen_layout_test.dart: empty board shows the empty placeholder in every column
803-✅ /home/runner/work/WesiOS/WesiOS/test/secret_vault_test.dart: запись и чтение в Hive лежит шифротекст, а не значение
804-✅ /home/runner/work/WesiOS/WesiOS/test/secret_vault_test.dart: запись и чтение одно значение дважды даёт разный шифротекст
805-✅ /home/runner/work/WesiOS/WesiOS/test/secret_vault_test.dart: запись и чтение юникод и длинные значения переживают цикл
806-✅ /home/runner/work/WesiOS/WesiOS/test/secret_vault_test.dart: запись и чтение пустое значение тоже шифруется и читается
807-✅ /home/runner/work/WesiOS/WesiOS/test/horizon_truth_invariants_test.dart: schedule rows cannot manufacture high statistical confidence
808-✅ /home/runner/work/WesiOS/WesiOS/test/horizon_truth_invariants_test.dart: advanced recurring income with no real receipts is not committed cash
809-✅ /home/runner/work/WesiOS/WesiOS/test/horizon_truth_invariants_test.dart: probabilistic business cash lowers known-cash share
810-✅ /home/runner/work/WesiOS/WesiOS/test/horizon_truth_invariants_test.dart: runtime wiring never auto-posts recurring income as actual cash
811-✅ /home/runner/work/WesiOS/WesiOS/test/secret_vault_test.dart: запись и чтение имена видны, значения — нет
812-✅ /home/runner/work/WesiOS/WesiOS/test/secret_vault_test.dart: чужой пароль другим паролем значение не открывается
813-✅ /home/runner/work/WesiOS/WesiOS/test/backup_service_test.dart: openedBox находит бокс, открытый с конкретным типом
814-✅ /home/runner/work/WesiOS/WesiOS/test/backup_service_test.dart: openedBox на неоткрытый бокс возвращает null, а не падает
815-✅ /home/runner/work/WesiOS/WesiOS/test/backup_service_test.dart: countLocalRecords считает записи во всех типизированных боксах
816-✅ /home/runner/work/WesiOS/WesiOS/test/backup_service_test.dart: countLocalRecords на пустых данных — ноль
817-✅ /home/runner/work/WesiOS/WesiOS/test/backup_service_test.dart: clearLocalData действительно стирает, а не сообщает об этом
818-✅ /home/runner/work/WesiOS/WesiOS/test/backup_service_test.dart: export в файле лежат данные, а не пустые списки
819-✅ /home/runner/work/WesiOS/WesiOS/test/backup_service_test.dart: export встроенные статьи не выгружаются — они приезжают с обновлением
820-✅ /home/runner/work/WesiOS/WesiOS/test/backup_service_test.dart: export ключи и пароль в копию не попадают
821-✅ /home/runner/work/WesiOS/WesiOS/test/backup_service_test.dart: export счётчики в результате совпадают с содержимым файла
--
987-✅ /home/runner/work/WesiOS/WesiOS/test/team_permissions_test.dart: база знаний по разделам «вся база» открывает и то, чего ещё нет
988-✅ /home/runner/work/WesiOS/WesiOS/test/team_permissions_test.dart: база знаний по разделам выбор отдельной статьи снимает «всю базу»
989-✅ /home/runner/work/WesiOS/WesiOS/test/team_permissions_test.dart: перенос в JSON и обратно набор переживает круг
990-✅ /home/runner/work/WesiOS/WesiOS/test/team_permissions_test.dart: перенос в JSON и обратно битый JSON читается как «ничего не открыто»
991-✅ /home/runner/work/WesiOS/WesiOS/test/team_permissions_test.dart: перенос в JSON и обратно неизвестные значения не открывают лишнего
992-✅ /home/runner/work/WesiOS/WesiOS/test/team_permissions_test.dart: группировка для экрана прав каждый модуль попал ровно в одну группу
993-✅ /home/runner/work/WesiOS/WesiOS/test/team_permissions_test.dart: группировка для экрана прав у каждого модуля есть название на обоих языках
994-::group::✅ /home/runner/work/WesiOS/WesiOS/test/chat_service_test.dart: состояние доставки без входа сообщение никуда не собирается
995:WesiOS secure session delete failed: Binding has not yet been initialized.
996-The "instance" getter on the ServicesBinding binding mixin is only available once that binding has been initialized.
997-Typically, this is done by calling "WidgetsFlutterBinding.ensureInitialized()" or "runApp()" (the latter calls the former). Typically this call is done in the "void main()" method. The "ensureInitialized" method is idempotent; calling it multiple times is not harmful. After calling that method, the "instance" getter will return the binding.
998-In a test, one can call "TestWidgetsFlutterBinding.ensureInitialized()" as the first line in the test's "main()" method to initialize the binding.
999-If ServicesBinding is a custom binding mixin, there must also be a custom binding class, like WidgetsFlutterBinding, but that mixes in the selected binding, and that is the class that must be constructed before using the "instance" getter.
1000-::endgroup::
1001-::group::✅ /home/runner/work/WesiOS/WesiOS/test/chat_service_test.dart: состояние доставки протухший пропуск — это не «подключено»
1002:WesiOS secure session write failed: Binding has not yet been initialized.
1003-The "instance" getter on the ServicesBinding binding mixin is only available once that binding has been initialized.
1004-Typically, this is done by calling "WidgetsFlutterBinding.ensureInitialized()" or "runApp()" (the latter calls the former). Typically this call is done in the "void main()" method. The "ensureInitialized" method is idempotent; calling it multiple times is not harmful. After calling that method, the "instance" getter will return the binding.
1005-In a test, one can call "TestWidgetsFlutterBinding.ensureInitialized()" as the first line in the test's "main()" method to initialize the binding.
1006-If ServicesBinding is a custom binding mixin, there must also be a custom binding class, like WidgetsFlutterBinding, but that mixes in the selected binding, and that is the class that must be constructed before using the "instance" getter.
1007:WesiOS secure session delete failed: Binding has not yet been initialized.
1008-The "instance" getter on the ServicesBinding binding mixin is only available once that binding has been initialized.
1009-Typically, this is done by calling "WidgetsFlutterBinding.ensureInitialized()" or "runApp()" (the latter calls the former). Typically this call is done in the "void main()" method. The "ensureInitialized" method is idempotent; calling it multiple times is not harmful. After calling that method, the "instance" getter will return the binding.
1010-In a test, one can call "TestWidgetsFlutterBinding.ensureInitialized()" as the first line in the test's "main()" method to initialize the binding.
1011-If ServicesBinding is a custom binding mixin, there must also be a custom binding class, like WidgetsFlutterBinding, but that mixes in the selected binding, and that is the class that must be constructed before using the "instance" getter.
1012-::endgroup::
1013-::group::✅ /home/runner/work/WesiOS/WesiOS/test/chat_service_test.dart: состояние доставки после входа рабочее сообщение ждёт отправки
1014:WesiOS secure session write failed: Binding has not yet been initialized.
1015-The "instance" getter on the ServicesBinding binding mixin is only available once that binding has been initialized.
1016-Typically, this is done by calling "WidgetsFlutterBinding.ensureInitialized()" or "runApp()" (the latter calls the former). Typically this call is done in the "void main()" method. The "ensureInitialized" method is idempotent; calling it multiple times is not harmful. After calling that method, the "instance" getter will return the binding.
1017-In a test, one can call "TestWidgetsFlutterBinding.ensureInitialized()" as the first line in the test's "main()" method to initialize the binding.
1018-If ServicesBinding is a custom binding mixin, there must also be a custom binding class, like WidgetsFlutterBinding, but that mixes in the selected binding, and that is the class that must be constructed before using the "instance" getter.
1019:WesiOS secure session delete failed: Binding has not yet been initialized.
1020-The "instance" getter on the ServicesBinding binding mixin is only available once that binding has been initialized.
1021-Typically, this is done by calling "WidgetsFlutterBinding.ensureInitialized()" or "runApp()" (the latter calls the former). Typically this call is done in the "void main()" method. The "ensureInitialized" method is idempotent; calling it multiple times is not harmful. After calling that method, the "instance" getter will return the binding.
1022-In a test, one can call "TestWidgetsFlutterBinding.ensureInitialized()" as the first line in the test's "main()" method to initialize the binding.
1023-If ServicesBinding is a custom binding mixin, there must also be a custom binding class, like WidgetsFlutterBinding, but that mixes in the selected binding, and that is the class that must be constructed before using the "instance" getter.
1024-::endgroup::
1025-::group::✅ /home/runner/work/WesiOS/WesiOS/test/chat_service_test.dart: состояние доставки личное не уезжает даже при подключённом сервере
1026:WesiOS secure session write failed: Binding has not yet been initialized.
1027-The "instance" getter on the ServicesBinding binding mixin is only available once that binding has been initialized.
1028-Typically, this is done by calling "WidgetsFlutterBinding.ensureInitialized()" or "runApp()" (the latter calls the former). Typically this call is done in the "void main()" method. The "ensureInitialized" method is idempotent; calling it multiple times is not harmful. After calling that method, the "instance" getter will return the binding.
1029-In a test, one can call "TestWidgetsFlutterBinding.ensureInitialized()" as the first line in the test's "main()" method to initialize the binding.
1030-If ServicesBinding is a custom binding mixin, there must also be a custom binding class, like WidgetsFlutterBinding, but that mixes in the selected binding, and that is the class that must be constructed before using the "instance" getter.
1031:WesiOS secure session delete failed: Binding has not yet been initialized.
1032-The "instance" getter on the ServicesBinding binding mixin is only available once that binding has been initialized.
1033-Typically, this is done by calling "WidgetsFlutterBinding.ensureInitialized()" or "runApp()" (the latter calls the former). Typically this call is done in the "void main()" method. The "ensureInitialized" method is idempotent; calling it multiple times is not harmful. After calling that method, the "instance" getter will return the binding.
1034-In a test, one can call "TestWidgetsFlutterBinding.ensureInitialized()" as the first line in the test's "main()" method to initialize the binding.
1035-If ServicesBinding is a custom binding mixin, there must also be a custom binding class, like WidgetsFlutterBinding, but that mixes in the selected binding, and that is the class that must be constructed before using the "instance" getter.
1036-::endgroup::
1037-✅ /home/runner/work/WesiOS/WesiOS/test/chat_service_test.dart: поиск по переписке находит без оглядки на регистр
1038-✅ /home/runner/work/WesiOS/WesiOS/test/chat_service_test.dart: поиск по переписке стикеры не всплывают на слово из их имени
1039-✅ /home/runner/work/WesiOS/WesiOS/test/chat_service_test.dart: поиск по переписке пустой запрос ничего не находит, а не находит всё
1040-✅ /home/runner/work/WesiOS/WesiOS/test/chat_service_test.dart: поиск по переписке стёртое по сроку не ищется
1041-✅ /home/runner/work/WesiOS/WesiOS/test/chat_service_test.dart: перенос в JSON разговор переживает круг
1042-✅ /home/runner/work/WesiOS/WesiOS/test/chat_service_test.dart: перенос в JSON битая запись не разбирается
1043-✅ /home/runner/work/WesiOS/WesiOS/test/message_store_test.dart: срок жизни новое сообщение получает месяц жизни
1044-✅ /home/runner/work/WesiOS/WesiOS/test/message_store_test.dart: срок жизни через месяц с небольшим исчезает
1045-✅ /home/runner/work/WesiOS/WesiOS/test/message_store_test.dart: срок жизни истёкшее не показывается ещё до чистки
1046-✅ /home/runner/work/WesiOS/WesiOS/test/message_store_test.dart: срок жизни срок хранится датой, а не считается от времени написания
1047-✅ /home/runner/work/WesiOS/WesiOS/test/message_store_test.dart: срок жизни свой срок жизни уважается
1048-✅ /home/runner/work/WesiOS/WesiOS/test/message_store_test.dart: срок жизни пустое сообщение не отправляется
1049-✅ /home/runner/work/WesiOS/WesiOS/test/message_store_test.dart: архив архивное не исчезает никогда
1050-✅ /home/runner/work/WesiOS/WesiOS/test/message_store_test.dart: архив при отправке в архив срок снимается совсем
1051-✅ /home/runner/work/WesiOS/WesiOS/test/message_store_test.dart: архив архивное нельзя удалить обычным способом
1052-✅ /home/runner/work/WesiOS/WesiOS/test/message_store_test.dart: архив очистка чата архив не трогает
1053-✅ /home/runner/work/WesiOS/WesiOS/test/message_store_test.dart: архив возврат из архива снова даёт срок
1054-✅ /home/runner/work/WesiOS/WesiOS/test/message_store_test.dart: архив архив собирается из всех чатов, новое сверху
1055-✅ /home/runner/work/WesiOS/WesiOS/test/message_store_test.dart: чтение чаты не смешиваются
--
1084-✅ /home/runner/work/WesiOS/WesiOS/test/accounts_test.dart: AccountService.filter a secondary account sees only its own rows
1085-✅ /home/runner/work/WesiOS/WesiOS/test/accounts_test.dart: AccountService.ensureMain creates the main account once and reuses it afterwards
1086-✅ /home/runner/work/WesiOS/WesiOS/test/accounts_test.dart: AccountService.summaries balance includes the opening balance, income and expenses
1087-✅ /home/runner/work/WesiOS/WesiOS/test/accounts_test.dart: AccountService.summaries the main account always sorts first, so the list does not reshuffle when accounts get renamed
1088-✅ /home/runner/work/WesiOS/WesiOS/test/accounts_test.dart: AccountService.delete refuses to delete the main account — every legacy operation points at it
1089-✅ /home/runner/work/WesiOS/WesiOS/test/accounts_test.dart: AccountService.delete an account holding history is archived, not erased — deleting it would take part of the past with it
1090-✅ /home/runner/work/WesiOS/WesiOS/test/accounts_test.dart: AccountService.delete an empty account is removed outright
1091-
1092:::error::921 tests passed, 2 failed.

=== final 220 lines ===
✅ /home/runner/work/WesiOS/WesiOS/test/global_search_test.dart: источники Wesi Shield ищется и по-русски, и по-английски
✅ /home/runner/work/WesiOS/WesiOS/test/global_search_test.dart: источники задача находится по тегу
✅ /home/runner/work/WesiOS/WesiOS/test/global_search_test.dart: источники статья находится по тексту, а не только по заголовку
✅ /home/runner/work/WesiOS/WesiOS/test/global_search_test.dart: источники счёт находится по названию
✅ /home/runner/work/WesiOS/WesiOS/test/global_search_test.dart: источники каждый результат ведёт на существующий маршрут
✅ /home/runner/work/WesiOS/WesiOS/test/global_search_test.dart: ограничение выдачи лимит общий, а не по источникам: точная задача не вытесняется сотней подходящих операций
✅ /home/runner/work/WesiOS/WesiOS/test/otp_login_regression_test.dart: OTP verify cannot be submitted twice while a request is in flight
✅ /home/runner/work/WesiOS/WesiOS/test/otp_login_regression_test.dart: dead OTP challenge returns to a fresh sign-in flow
✅ /home/runner/work/WesiOS/WesiOS/test/otp_login_regression_test.dart: new start-v2 OTP invalidates older pending OTPs
✅ /home/runner/work/WesiOS/WesiOS/test/otp_login_regression_test.dart: legacy security login reads employeeId and dead challenges are explicit
✅ /home/runner/work/WesiOS/WesiOS/test/window_controls_overlay_test.dart: tooltips in the app-level overlay find an Overlay ancestor
✅ /home/runner/work/WesiOS/WesiOS/test/engine_install_service_test.dart: EngineInstallProgress.fraction computes a ratio when totalBytes is known
✅ /home/runner/work/WesiOS/WesiOS/test/engine_install_service_test.dart: EngineInstallProgress.fraction is null when the server never reported Content-Length
✅ /home/runner/work/WesiOS/WesiOS/test/engine_install_service_test.dart: EngineInstallProgress.fraction is null (not division-by-zero or infinity) when totalBytes is 0
✅ /home/runner/work/WesiOS/WesiOS/test/engine_install_service_test.dart: EngineInstallProgress.fraction clamps to 1.0 rather than overshooting on a slightly stale total
✅ /home/runner/work/WesiOS/WesiOS/test/horizon_top_tier_test.dart: Wesi Horizon honesty foundation a lucky recent month mean-reverts instead of becoming millionaire math
✅ /home/runner/work/WesiOS/WesiOS/test/horizon_top_tier_test.dart: Wesi Horizon honesty foundation low-data mode admits uncertainty instead of a razor-thin truth
✅ /home/runner/work/WesiOS/WesiOS/test/horizon_top_tier_test.dart: Wesi Horizon honesty foundation same UI seed is deterministic while alternate seed changes paths
✅ /home/runner/work/WesiOS/WesiOS/test/horizon_top_tier_test.dart: Wesi Horizon honesty foundation weekly seasonality is not cloned unchanged into the far future
✅ /home/runner/work/WesiOS/WesiOS/test/horizon_top_tier_test.dart: Calibration and backtest coverage calibration widens interval and bias moves the median
✅ /home/runner/work/WesiOS/WesiOS/test/horizon_top_tier_test.dart: Calibration and backtest risk calibration bins shrink empirical probability without fake certainty
✅ /home/runner/work/WesiOS/WesiOS/test/horizon_top_tier_test.dart: Calibration and backtest multi-horizon backtest keeps 14/30/90/180 separate
✅ /home/runner/work/WesiOS/WesiOS/test/horizon_top_tier_test.dart: Cash structure, stress and decisions committed cash is separated and explained
✅ /home/runner/work/WesiOS/WesiOS/test/horizon_top_tier_test.dart: Cash structure, stress and decisions uncertain business cash stays probabilistic instead of becoming committed
✅ /home/runner/work/WesiOS/WesiOS/test/horizon_top_tier_test.dart: Cash structure, stress and decisions stress package has base/conservative/aggressive/stress and stress worsens cash
✅ /home/runner/work/WesiOS/WesiOS/test/horizon_top_tier_test.dart: Cash structure, stress and decisions What-If exposes direct risk/runway delta
✅ /home/runner/work/WesiOS/WesiOS/test/horizon_top_tier_test.dart: Cash structure, stress and decisions account liquidity reports risk in the needed location
✅ /home/runner/work/WesiOS/WesiOS/test/horizon_top_tier_test.dart: Backward-compatible domain memory contract memory JSON roundtrip preserves probabilities
✅ /home/runner/work/WesiOS/WesiOS/test/horizon_top_tier_test.dart: Backward-compatible domain memory account liquidity metadata keeps migration-free defaults
✅ /home/runner/work/WesiOS/WesiOS/test/contacts_screen_layout_test.dart: узкий телефон карточка помещается в 360 точек
✅ /home/runner/work/WesiOS/WesiOS/test/contacts_screen_layout_test.dart: узкий телефон и в 320 тоже
✅ /home/runner/work/WesiOS/WesiOS/test/contacts_screen_layout_test.dart: очень длинное имя и метка владельца помещается в 360 точек
✅ /home/runner/work/WesiOS/WesiOS/test/contacts_screen_layout_test.dart: очень длинное имя и метка владельца помещается в 320 точек
✅ /home/runner/work/WesiOS/WesiOS/test/contacts_screen_layout_test.dart: очень длинная должность помещается в 360 точек
✅ /home/runner/work/WesiOS/WesiOS/test/horizon_product_integration_test.dart: Wesi Horizon product integration Task cash tag round-trips committed expense
✅ /home/runner/work/WesiOS/WesiOS/test/horizon_product_integration_test.dart: Wesi Horizon product integration Task cash tag round-trips uncertain income and preserves human tags
✅ /home/runner/work/WesiOS/WesiOS/test/horizon_product_integration_test.dart: Wesi Horizon product integration stress library has finite income shock and isolated main-source loss
✅ /home/runner/work/WesiOS/WesiOS/test/horizon_product_integration_test.dart: Wesi Horizon product integration Forecast exposes decision layer and backtest-selected Combined
✅ /home/runner/work/WesiOS/WesiOS/test/horizon_product_integration_test.dart: Wesi Horizon product integration company cash sources are wired without schema migrations
✅ /home/runner/work/WesiOS/WesiOS/test/contacts_screen_layout_test.dart: очень длинная должность помещается в 320 точек
✅ /home/runner/work/WesiOS/WesiOS/test/contacts_screen_layout_test.dart: длинное имя в одно слово помещается в 360 точек
✅ /home/runner/work/WesiOS/WesiOS/test/contacts_screen_layout_test.dart: длинное имя в одно слово помещается в 320 точек
✅ /home/runner/work/WesiOS/WesiOS/test/contacts_screen_layout_test.dart: длинная почта помещается в 360 точек
✅ /home/runner/work/WesiOS/WesiOS/test/contacts_screen_layout_test.dart: длинная почта помещается в 320 точек
✅ /home/runner/work/WesiOS/WesiOS/test/contacts_screen_layout_test.dart: пять ссылок помещается в 360 точек
✅ /home/runner/work/WesiOS/WesiOS/test/contacts_screen_layout_test.dart: пять ссылок помещается в 320 точек
✅ /home/runner/work/WesiOS/WesiOS/test/contacts_screen_layout_test.dart: подпись о заметке помещается в 360 точек
✅ /home/runner/work/WesiOS/WesiOS/test/contacts_screen_layout_test.dart: подпись о заметке помещается в 320 точек
✅ /home/runner/work/WesiOS/WesiOS/test/contacts_screen_layout_test.dart: всё длинное сразу помещается в 360 точек
✅ /home/runner/work/WesiOS/WesiOS/test/contacts_screen_layout_test.dart: всё длинное сразу помещается в 320 точек
✅ /home/runner/work/WesiOS/WesiOS/test/contacts_screen_layout_test.dart: список из нескольких человек все трое строятся без переполнения
✅ /home/runner/work/WesiOS/WesiOS/test/contacts_screen_layout_test.dart: список из нескольких человек низкий экран не ломает список
✅ /home/runner/work/WesiOS/WesiOS/test/contacts_screen_layout_test.dart: пусто пустой результат поиска строится
✅ /home/runner/work/WesiOS/WesiOS/test/organization_finance_access_test.dart: self finance remains visible when organization aggregate is denied
✅ /home/runner/work/WesiOS/WesiOS/test/organization_finance_access_test.dart: view_finance enables aggregate org data but not coworker breakdown
✅ /home/runner/work/WesiOS/WesiOS/test/chat_service_test.dart: разговор двоих идентификатор одинаков с обеих сторон
✅ /home/runner/work/WesiOS/WesiOS/test/chat_service_test.dart: разговор двоих рабочий и личный — разные разговоры с одним человеком
✅ /home/runner/work/WesiOS/WesiOS/test/chat_service_test.dart: разговор двоих повторное открытие не заводит второй разговор
✅ /home/runner/work/WesiOS/WesiOS/test/chat_service_test.dart: разговор двоих название берётся из состава, а не хранится копией
✅ /home/runner/work/WesiOS/WesiOS/test/chat_service_test.dart: список разговоров свежие сверху
✅ /home/runner/work/WesiOS/WesiOS/test/chat_service_test.dart: список разговоров закреплённый всегда первый, даже если в нём тихо
✅ /home/runner/work/WesiOS/WesiOS/test/chat_service_test.dart: список разговоров папки не смешиваются
✅ /home/runner/work/WesiOS/WesiOS/test/chat_service_test.dart: непрочитанное свои сообщения непрочитанными не считаются
✅ /home/runner/work/WesiOS/WesiOS/test/chat_service_test.dart: непрочитанное чужие считаются, пока разговор не открыли
✅ /home/runner/work/WesiOS/WesiOS/test/chat_service_test.dart: непрочитанное служебные строки непрочитанным не считаются
✅ /home/runner/work/WesiOS/WesiOS/test/chat_service_test.dart: непрочитанное пришедшее после открытия снова считается
✅ /home/runner/work/WesiOS/WesiOS/test/chat_service_test.dart: удаление разговора архивные сообщения переживают удаление чата
✅ /home/runner/work/WesiOS/WesiOS/test/chat_service_test.dart: стикеры идентификатор превращается в символ
✅ /home/runner/work/WesiOS/WesiOS/test/chat_service_test.dart: стикеры неизвестный стикер не превращается в пустоту
✅ /home/runner/work/WesiOS/WesiOS/test/chat_service_test.dart: стикеры идентификаторы наборов уникальны
✅ /home/runner/work/WesiOS/WesiOS/test/chat_service_test.dart: стикеры в сообщении хранится идентификатор, а не символ
✅ /home/runner/work/WesiOS/WesiOS/test/chat_service_test.dart: стикеры предпросмотр стикера в списке — слово, а не пустой пузырь
✅ /home/runner/work/WesiOS/WesiOS/test/chat_service_test.dart: группа две группы с одним составом — разные разговоры
✅ /home/runner/work/WesiOS/WesiOS/test/chat_service_test.dart: группа группа из двоих — всё равно группа
✅ /home/runner/work/WesiOS/WesiOS/test/chat_service_test.dart: группа группа остаётся группой, когда людей стало двое
✅ /home/runner/work/WesiOS/WesiOS/test/chat_service_test.dart: группа разговор двоих группой не становится
✅ /home/runner/work/WesiOS/WesiOS/test/chat_service_test.dart: группа я всегда в составе, даже если меня не выбрали
✅ /home/runner/work/WesiOS/WesiOS/test/chat_service_test.dart: группа чужая группа не показывается в списке
✅ /home/runner/work/WesiOS/WesiOS/test/chat_service_test.dart: группа состав меняется, себя выкинуть нельзя
✅ /home/runner/work/WesiOS/WesiOS/test/chat_service_test.dart: группа смена состава оставляет след в переписке
✅ /home/runner/work/WesiOS/WesiOS/test/chat_service_test.dart: группа выход убирает из списка, но запись остаётся
✅ /home/runner/work/WesiOS/WesiOS/test/chat_service_test.dart: группа после выхода отметка об уходе не стирается своей же чисткой
✅ /home/runner/work/WesiOS/WesiOS/test/chat_service_test.dart: группа выход не забирает архивное
✅ /home/runner/work/WesiOS/WesiOS/test/chat_service_test.dart: группа из разговора двоих не выходят
✅ /home/runner/work/WesiOS/WesiOS/test/chat_service_test.dart: правка сообщения свой текст меняется и помечается
✅ /home/runner/work/WesiOS/WesiOS/test/chat_service_test.dart: правка сообщения чужое не правится
✅ /home/runner/work/WesiOS/WesiOS/test/chat_service_test.dart: правка сообщения стикер править нечем
✅ /home/runner/work/WesiOS/WesiOS/test/chat_service_test.dart: правка сообщения пустой текст не принимается
✅ /home/runner/work/WesiOS/WesiOS/test/chat_service_test.dart: правка сообщения тот же текст — не правка
✅ /home/runner/work/WesiOS/WesiOS/test/chat_service_test.dart: правка сообщения правка не продлевает жизнь сообщению
✅ /home/runner/work/WesiOS/WesiOS/test/chat_service_test.dart: отклики отклик ставится и виден
✅ /home/runner/work/WesiOS/WesiOS/test/chat_service_test.dart: отклики тот же символ повторно — снимает
✅ /home/runner/work/WesiOS/WesiOS/test/chat_service_test.dart: отклики другой символ заменяет, а не добавляет
✅ /home/runner/work/WesiOS/WesiOS/test/chat_service_test.dart: отклики несколько человек считаются вместе
✅ /home/runner/work/WesiOS/WesiOS/test/chat_service_test.dart: отклики отклик на исчезнувшее сообщение не роняет
✅ /home/runner/work/WesiOS/WesiOS/test/chat_service_test.dart: отклики отклики переживают перенос
✅ /home/runner/work/WesiOS/WesiOS/test/chat_service_test.dart: отклики старая запись без откликов читается как пустая
✅ /home/runner/work/WesiOS/WesiOS/test/chat_service_test.dart: срок хранения чата новое сообщение живёт по сроку своего чата
✅ /home/runner/work/WesiOS/WesiOS/test/chat_service_test.dart: срок хранения чата продление достаёт и до уже написанного
✅ /home/runner/work/WesiOS/WesiOS/test/chat_service_test.dart: срок хранения чата укорачивание не стирает переписку задним числом
✅ /home/runner/work/WesiOS/WesiOS/test/team_permissions_test.dart: что закрыто по умолчанию пустой набор не открывает ни один настраиваемый модуль
✅ /home/runner/work/WesiOS/WesiOS/test/team_permissions_test.dart: что закрыто по умолчанию главная, настройки и профиль открыты всегда
✅ /home/runner/work/WesiOS/WesiOS/test/team_permissions_test.dart: что закрыто по умолчанию новому сотруднику открыты задачи и ничего сверх
✅ /home/runner/work/WesiOS/WesiOS/test/chat_service_test.dart: срок хранения чата истёкшее не воскресает продлением
✅ /home/runner/work/WesiOS/WesiOS/test/team_permissions_test.dart: что закрыто по умолчанию сотрудник по умолчанию не управляет людьми и не видит чужого
✅ /home/runner/work/WesiOS/WesiOS/test/team_permissions_test.dart: что закрыто по умолчанию владельцу открыто всё
✅ /home/runner/work/WesiOS/WesiOS/test/chat_service_test.dart: срок хранения чата архивное продление не трогает
✅ /home/runner/work/WesiOS/WesiOS/test/team_permissions_test.dart: переключение модулей включение открывает ровно один модуль
✅ /home/runner/work/WesiOS/WesiOS/test/team_permissions_test.dart: переключение модулей выключение закрывает обратно
✅ /home/runner/work/WesiOS/WesiOS/test/chat_service_test.dart: срок хранения чата возврат к общему правилу
✅ /home/runner/work/WesiOS/WesiOS/test/team_permissions_test.dart: переключение модулей повторное включение не плодит дублей
✅ /home/runner/work/WesiOS/WesiOS/test/team_permissions_test.dart: переключение модулей «всегда открытые» нельзя отобрать
✅ /home/runner/work/WesiOS/WesiOS/test/team_permissions_test.dart: база знаний по разделам без доступа не открыта ни одна статья
✅ /home/runner/work/WesiOS/WesiOS/test/team_permissions_test.dart: база знаний по разделам открытая статья видна, соседняя — нет
✅ /home/runner/work/WesiOS/WesiOS/test/team_permissions_test.dart: база знаний по разделам «вся база» открывает и то, чего ещё нет
✅ /home/runner/work/WesiOS/WesiOS/test/team_permissions_test.dart: база знаний по разделам выбор отдельной статьи снимает «всю базу»
✅ /home/runner/work/WesiOS/WesiOS/test/team_permissions_test.dart: перенос в JSON и обратно набор переживает круг
✅ /home/runner/work/WesiOS/WesiOS/test/team_permissions_test.dart: перенос в JSON и обратно битый JSON читается как «ничего не открыто»
✅ /home/runner/work/WesiOS/WesiOS/test/team_permissions_test.dart: перенос в JSON и обратно неизвестные значения не открывают лишнего
✅ /home/runner/work/WesiOS/WesiOS/test/team_permissions_test.dart: группировка для экрана прав каждый модуль попал ровно в одну группу
✅ /home/runner/work/WesiOS/WesiOS/test/team_permissions_test.dart: группировка для экрана прав у каждого модуля есть название на обоих языках
::group::✅ /home/runner/work/WesiOS/WesiOS/test/chat_service_test.dart: состояние доставки без входа сообщение никуда не собирается
WesiOS secure session delete failed: Binding has not yet been initialized.
The "instance" getter on the ServicesBinding binding mixin is only available once that binding has been initialized.
Typically, this is done by calling "WidgetsFlutterBinding.ensureInitialized()" or "runApp()" (the latter calls the former). Typically this call is done in the "void main()" method. The "ensureInitialized" method is idempotent; calling it multiple times is not harmful. After calling that method, the "instance" getter will return the binding.
In a test, one can call "TestWidgetsFlutterBinding.ensureInitialized()" as the first line in the test's "main()" method to initialize the binding.
If ServicesBinding is a custom binding mixin, there must also be a custom binding class, like WidgetsFlutterBinding, but that mixes in the selected binding, and that is the class that must be constructed before using the "instance" getter.
::endgroup::
::group::✅ /home/runner/work/WesiOS/WesiOS/test/chat_service_test.dart: состояние доставки протухший пропуск — это не «подключено»
WesiOS secure session write failed: Binding has not yet been initialized.
The "instance" getter on the ServicesBinding binding mixin is only available once that binding has been initialized.
Typically, this is done by calling "WidgetsFlutterBinding.ensureInitialized()" or "runApp()" (the latter calls the former). Typically this call is done in the "void main()" method. The "ensureInitialized" method is idempotent; calling it multiple times is not harmful. After calling that method, the "instance" getter will return the binding.
In a test, one can call "TestWidgetsFlutterBinding.ensureInitialized()" as the first line in the test's "main()" method to initialize the binding.
If ServicesBinding is a custom binding mixin, there must also be a custom binding class, like WidgetsFlutterBinding, but that mixes in the selected binding, and that is the class that must be constructed before using the "instance" getter.
WesiOS secure session delete failed: Binding has not yet been initialized.
The "instance" getter on the ServicesBinding binding mixin is only available once that binding has been initialized.
Typically, this is done by calling "WidgetsFlutterBinding.ensureInitialized()" or "runApp()" (the latter calls the former). Typically this call is done in the "void main()" method. The "ensureInitialized" method is idempotent; calling it multiple times is not harmful. After calling that method, the "instance" getter will return the binding.
In a test, one can call "TestWidgetsFlutterBinding.ensureInitialized()" as the first line in the test's "main()" method to initialize the binding.
If ServicesBinding is a custom binding mixin, there must also be a custom binding class, like WidgetsFlutterBinding, but that mixes in the selected binding, and that is the class that must be constructed before using the "instance" getter.
::endgroup::
::group::✅ /home/runner/work/WesiOS/WesiOS/test/chat_service_test.dart: состояние доставки после входа рабочее сообщение ждёт отправки
WesiOS secure session write failed: Binding has not yet been initialized.
The "instance" getter on the ServicesBinding binding mixin is only available once that binding has been initialized.
Typically, this is done by calling "WidgetsFlutterBinding.ensureInitialized()" or "runApp()" (the latter calls the former). Typically this call is done in the "void main()" method. The "ensureInitialized" method is idempotent; calling it multiple times is not harmful. After calling that method, the "instance" getter will return the binding.
In a test, one can call "TestWidgetsFlutterBinding.ensureInitialized()" as the first line in the test's "main()" method to initialize the binding.
If ServicesBinding is a custom binding mixin, there must also be a custom binding class, like WidgetsFlutterBinding, but that mixes in the selected binding, and that is the class that must be constructed before using the "instance" getter.
WesiOS secure session delete failed: Binding has not yet been initialized.
The "instance" getter on the ServicesBinding binding mixin is only available once that binding has been initialized.
Typically, this is done by calling "WidgetsFlutterBinding.ensureInitialized()" or "runApp()" (the latter calls the former). Typically this call is done in the "void main()" method. The "ensureInitialized" method is idempotent; calling it multiple times is not harmful. After calling that method, the "instance" getter will return the binding.
In a test, one can call "TestWidgetsFlutterBinding.ensureInitialized()" as the first line in the test's "main()" method to initialize the binding.
If ServicesBinding is a custom binding mixin, there must also be a custom binding class, like WidgetsFlutterBinding, but that mixes in the selected binding, and that is the class that must be constructed before using the "instance" getter.
::endgroup::
::group::✅ /home/runner/work/WesiOS/WesiOS/test/chat_service_test.dart: состояние доставки личное не уезжает даже при подключённом сервере
WesiOS secure session write failed: Binding has not yet been initialized.
The "instance" getter on the ServicesBinding binding mixin is only available once that binding has been initialized.
Typically, this is done by calling "WidgetsFlutterBinding.ensureInitialized()" or "runApp()" (the latter calls the former). Typically this call is done in the "void main()" method. The "ensureInitialized" method is idempotent; calling it multiple times is not harmful. After calling that method, the "instance" getter will return the binding.
In a test, one can call "TestWidgetsFlutterBinding.ensureInitialized()" as the first line in the test's "main()" method to initialize the binding.
If ServicesBinding is a custom binding mixin, there must also be a custom binding class, like WidgetsFlutterBinding, but that mixes in the selected binding, and that is the class that must be constructed before using the "instance" getter.
WesiOS secure session delete failed: Binding has not yet been initialized.
The "instance" getter on the ServicesBinding binding mixin is only available once that binding has been initialized.
Typically, this is done by calling "WidgetsFlutterBinding.ensureInitialized()" or "runApp()" (the latter calls the former). Typically this call is done in the "void main()" method. The "ensureInitialized" method is idempotent; calling it multiple times is not harmful. After calling that method, the "instance" getter will return the binding.
In a test, one can call "TestWidgetsFlutterBinding.ensureInitialized()" as the first line in the test's "main()" method to initialize the binding.
If ServicesBinding is a custom binding mixin, there must also be a custom binding class, like WidgetsFlutterBinding, but that mixes in the selected binding, and that is the class that must be constructed before using the "instance" getter.
::endgroup::
✅ /home/runner/work/WesiOS/WesiOS/test/chat_service_test.dart: поиск по переписке находит без оглядки на регистр
✅ /home/runner/work/WesiOS/WesiOS/test/chat_service_test.dart: поиск по переписке стикеры не всплывают на слово из их имени
✅ /home/runner/work/WesiOS/WesiOS/test/chat_service_test.dart: поиск по переписке пустой запрос ничего не находит, а не находит всё
✅ /home/runner/work/WesiOS/WesiOS/test/chat_service_test.dart: поиск по переписке стёртое по сроку не ищется
✅ /home/runner/work/WesiOS/WesiOS/test/chat_service_test.dart: перенос в JSON разговор переживает круг
✅ /home/runner/work/WesiOS/WesiOS/test/chat_service_test.dart: перенос в JSON битая запись не разбирается
✅ /home/runner/work/WesiOS/WesiOS/test/message_store_test.dart: срок жизни новое сообщение получает месяц жизни
✅ /home/runner/work/WesiOS/WesiOS/test/message_store_test.dart: срок жизни через месяц с небольшим исчезает
✅ /home/runner/work/WesiOS/WesiOS/test/message_store_test.dart: срок жизни истёкшее не показывается ещё до чистки
✅ /home/runner/work/WesiOS/WesiOS/test/message_store_test.dart: срок жизни срок хранится датой, а не считается от времени написания
✅ /home/runner/work/WesiOS/WesiOS/test/message_store_test.dart: срок жизни свой срок жизни уважается
✅ /home/runner/work/WesiOS/WesiOS/test/message_store_test.dart: срок жизни пустое сообщение не отправляется
✅ /home/runner/work/WesiOS/WesiOS/test/message_store_test.dart: архив архивное не исчезает никогда
✅ /home/runner/work/WesiOS/WesiOS/test/message_store_test.dart: архив при отправке в архив срок снимается совсем
✅ /home/runner/work/WesiOS/WesiOS/test/message_store_test.dart: архив архивное нельзя удалить обычным способом
✅ /home/runner/work/WesiOS/WesiOS/test/message_store_test.dart: архив очистка чата архив не трогает
✅ /home/runner/work/WesiOS/WesiOS/test/message_store_test.dart: архив возврат из архива снова даёт срок
✅ /home/runner/work/WesiOS/WesiOS/test/message_store_test.dart: архив архив собирается из всех чатов, новое сверху
✅ /home/runner/work/WesiOS/WesiOS/test/message_store_test.dart: чтение чаты не смешиваются
✅ /home/runner/work/WesiOS/WesiOS/test/message_store_test.dart: чтение порядок по времени, а не по записи
✅ /home/runner/work/WesiOS/WesiOS/test/message_store_test.dart: чтение последнее сообщение — для списка разговоров
✅ /home/runner/work/WesiOS/WesiOS/test/message_store_test.dart: состояние и темы состояние доставки меняется
✅ /home/runner/work/WesiOS/WesiOS/test/message_store_test.dart: состояние и темы привязка к теме и отвязка обратно
✅ /home/runner/work/WesiOS/WesiOS/test/message_store_test.dart: идентификаторы два сообщения в одну микросекунду не затирают друг друга
✅ /home/runner/work/WesiOS/WesiOS/test/message_store_test.dart: идентификаторы идентификатор начинается со времени — записи лежат по порядку
✅ /home/runner/work/WesiOS/WesiOS/test/message_store_test.dart: идентификаторы тысяча подряд — ни одного повтора
✅ /home/runner/work/WesiOS/WesiOS/test/message_store_test.dart: перенос в JSON сообщение переживает круг
✅ /home/runner/work/WesiOS/WesiOS/test/message_store_test.dart: перенос в JSON битая запись не разбирается, а не подставляет пустоту
✅ /home/runner/work/WesiOS/WesiOS/test/tasks_and_whatif_test.dart: TaskModel a past due date marks the task overdue
✅ /home/runner/work/WesiOS/WesiOS/test/tasks_and_whatif_test.dart: TaskModel a finished task is never overdue — otherwise the board turns red from work that is already done
✅ /home/runner/work/WesiOS/WesiOS/test/tasks_and_whatif_test.dart: TaskModel today is due-today, not overdue
✅ /home/runner/work/WesiOS/WesiOS/test/tasks_and_whatif_test.dart: TaskModel no due date means neither overdue nor due today
✅ /home/runner/work/WesiOS/WesiOS/test/tasks_and_whatif_test.dart: TaskModel checklist progress counts only finished items
✅ /home/runner/work/WesiOS/WesiOS/test/shield_overlay_test.dart: в разблокированном состоянии замка нет и он ничему не мешает
✅ /home/runner/work/WesiOS/WesiOS/test/tasks_and_whatif_test.dart: TaskModel copyWith(clearDueDate) actually clears it — a plain null argument is indistinguishable from "not passed" and would keep the old date
✅ /home/runner/work/WesiOS/WesiOS/test/tasks_and_whatif_test.dart: TaskModel copyWith preserves id and createdAt
✅ /home/runner/work/WesiOS/WesiOS/test/tasks_and_whatif_test.dart: WhatIfPreset round-trips through JSON with multipliers intact
✅ /home/runner/work/WesiOS/WesiOS/test/tasks_and_whatif_test.dart: WhatIfPreset an event is stored as a day offset, so a saved scenario stays in the future instead of silently falling out of the forecast horizon once its hard-coded date passes
✅ /home/runner/work/WesiOS/WesiOS/test/tasks_and_whatif_test.dart: WhatIfPreset an offset that would land in the past is pulled forward to day 1 — the engine ignores events at or before today, so storing 0 or a negative offset would silently disable the scenario
✅ /home/runner/work/WesiOS/WesiOS/test/tasks_and_whatif_test.dart: WhatIfPreset a malformed entry yields null instead of throwing — one corrupt record must not take the whole scenario list down
✅ /home/runner/work/WesiOS/WesiOS/test/tasks_and_whatif_test.dart: WhatIfPreset summary describes what the scenario changes
✅ /home/runner/work/WesiOS/WesiOS/test/shield_overlay_test.dart: заблокированный замок перекрывает содержимое приложения
✅ /home/runner/work/WesiOS/WesiOS/test/shield_overlay_test.dart: кнопки окна остаются нажимаемыми поверх замка
✅ /home/runner/work/WesiOS/WesiOS/test/accounts_test.dart: TransactionModel.effectiveAccountId an operation created before accounts existed belongs to the main account — if such rows fell out of every query, the balance would drop to zero the moment the user updated the app
✅ /home/runner/work/WesiOS/WesiOS/test/accounts_test.dart: TransactionModel.effectiveAccountId an explicit account is respected
✅ /home/runner/work/WesiOS/WesiOS/test/accounts_test.dart: AccountService.filter null means all accounts
✅ /home/runner/work/WesiOS/WesiOS/test/accounts_test.dart: AccountService.filter the main account picks up legacy rows without an accountId
✅ /home/runner/work/WesiOS/WesiOS/test/accounts_test.dart: AccountService.filter a secondary account sees only its own rows
✅ /home/runner/work/WesiOS/WesiOS/test/accounts_test.dart: AccountService.ensureMain creates the main account once and reuses it afterwards
✅ /home/runner/work/WesiOS/WesiOS/test/accounts_test.dart: AccountService.summaries balance includes the opening balance, income and expenses
✅ /home/runner/work/WesiOS/WesiOS/test/accounts_test.dart: AccountService.summaries the main account always sorts first, so the list does not reshuffle when accounts get renamed
✅ /home/runner/work/WesiOS/WesiOS/test/accounts_test.dart: AccountService.delete refuses to delete the main account — every legacy operation points at it
✅ /home/runner/work/WesiOS/WesiOS/test/accounts_test.dart: AccountService.delete an account holding history is archived, not erased — deleting it would take part of the past with it
✅ /home/runner/work/WesiOS/WesiOS/test/accounts_test.dart: AccountService.delete an empty account is removed outright

::error::921 tests passed, 2 failed.
